************************************************************************
              Input file after include files are included
                and undefined subcircuits and models are
                    resolved through library search
************************************************************************


****************** MAIN CIRCUIT @ INPUT/INCLUDE FILE *******************
* C:\Users\xiang\OneDrive - Virginia Tech\xiangzhang_VT_archive\ECE 5254 Modeling\HW-3-model\HW3_Buck_Loadstep.sxsch
.node_map Vc 31
.node_map Vp 30
.node_map Vout 29
.print  ALL
.options PSP_START=3m PSP_NPT=10001 POP_ITRMAX=200 POP_OUTPUT_CYCLES=5 SNAPSHOT_INTVL=0
+ MIN_AVG_TOPOLOGY_DUR=1a AVG_TOPOLOGY_DUR_MEASUREMENT_WINDOW=128
.tran 20m 0
C 29 17 1m IC=2
I1 29 18 SQU V1=5 V2=25 FREQ=200 DELAY=0.004 OFF_UNTIL_DELAY=YES
V$IPROBE1 14 29 0.0
.PRINT I(V$IPROBE1)
.GRAPH IPROBE1#P axisType="grid" persistence=-1 curveLabel="IL" analysis="tran|pop"
+ xLog="auto" yLog="lin"  nowarn=true disabled=false 
V$IPROBE2 18 0 0.0
.PRINT I(V$IPROBE2)
.GRAPH IPROBE2#P axisType="grid" persistence=-1 curveLabel="Istep" analysis="tran|pop"
+ xLog="auto" yLog="lin"  nowarn=true disabled=false 
L 12 13 150n
.PRINT V(#Vout)
.GRAPH :#Vout axisType="auto" persistence=-1 curveLabel="Vout" analysis="tran|pop"
+ xLog="auto" yLog="auto"  nowarn=true disabled=false PROBEREF=Probe3  
Rc 17 0 1m
Rl 14 13 2m
Ro 29 0 200m
X$S2 12 0 16 0 SIMPLIS_VC_SWITCH$1
X$S3 11 12 15 0 SIMPLIS_VC_SWITCH$2
X$U1 15 16 0 30 23 SIMPLIS_DIGI1_COMP_Y$3
X$U2 31 28 29 SIMPLIS_LaplaceXfer3rdOrder_BB$4
V1 30 31 AC 1m 0
V3 23 0 SAW V1=0 V2=1 FREQ=1000000 DELAY=0 OFF_UNTIL_DELAY=NO
V8 11 0 12
X3 15 27 PERIODIC_OP$5

********  SUBCIRCUIT PERIODIC_OP$5 @ input file C:/Users/xiang/OneDrive - Virginia Tech/xiangzhang_VT_archive/ECE 5254 Modeling/HW-3-model/SIMPLIS_Data/HW3_Buck_Loadstep.deck
.subckt PERIODIC_OP$5  1 3
.NODE_MAP IN 1
.NODE_MAP OUT 3
!D_CYCLE 3 0 1 302 M1M IC=0
VREF 302 0 DC 2.5

********  MODEL M1M @ input file C:/Users/xiang/OneDrive - Virginia Tech/xiangzhang_VT_archive/ECE 5254 Modeling/HW-3-model/SIMPLIS_Data/HW3_Buck_Loadstep.deck
.MODEL M1M COMP RIN=10MEG ROUT=50 VOL=0 VOH=5  HYSTWD=0.002 DELAY=0
.ends PERIODIC_OP$5

********  SUBCIRCUIT SIMPLIS_LaplaceXfer3rdOrder_BB$4 @ input file C:/Users/xiang/OneDrive - Virginia Tech/xiangzhang_VT_archive/ECE 5254 Modeling/HW-3-model/SIMPLIS_Data/HW3_Buck_Loadstep.deck
.subckt SIMPLIS_LaplaceXfer3rdOrder_BB$4  302 100 101
.NODE_MAP IN	101
.NODE_MAP RTN	100
.NODE_MAP OUT	302
.KEEP -**V
.KEEP -**I
.REQUIRED_VERSION 8.00
.NODE_MAP X0	200
.NODE_MAP X1	201
.NODE_MAP X2	202
.NODE_MAP X3	203
G_IN 100 203 101 100 97656.25
R_IN 203 100 1024
G_N3 100 301 203 100 0
G2   100 202 203 100 1n
R2   202 100 1e+15
C2   202 100 1n IC=0.0
G_D2 203 100 202 100 5425.3515625
G_N2 100 301 202 100 1.25e-14
G1   100 201 202 100 1n
R1   201 100 1e+15
C1   201 100 1n IC=0.0
G_D1 203 100 201 100 4482421875
G_N1 100 301 201 100 2.34375e-08
G0   100 200 201 100 1n
R0   200 100 1e+15
C0   200 100 1n IC=0
G_D0 203 100 200 100 0
G_N0 100 301 200 100 0.0009765625
R_OUT 301 100 1024
E_OUT 302 100 301 100 229568000
.ends SIMPLIS_LaplaceXfer3rdOrder_BB$4

********  SUBCIRCUIT SIMPLIS_DIGI1_COMP_Y$3 @ input file C:/Users/xiang/OneDrive - Virginia Tech/xiangzhang_VT_archive/ECE 5254 Modeling/HW-3-model/SIMPLIS_Data/HW3_Buck_Loadstep.deck
.subckt SIMPLIS_DIGI1_COMP_Y$3  201 202 100 101 102
.NODE_MAP OUT 201
.NODE_MAP OUT_BAR 202
.NODE_MAP RTN 100
.NODE_MAP INP 101
.NODE_MAP INN 102
R_INP  101 100 10000000
R_INN  102 100 10000000
E_DIFF 103 100 101 102 1.0
A_COMP %gnd_ref 100 [ 201 202 ] [ 103 ] MODEL=MD_A_COMPM IC=0

********  MODEL MD_A_COMPM @ input file C:/Users/xiang/OneDrive - Virginia Tech/xiangzhang_VT_archive/ECE 5254 Modeling/HW-3-model/SIMPLIS_Data/HW3_Buck_Loadstep.deck
.MODEL MD_A_COMPM DIGITAL1 D_BUFFER ROUT=10 VOL=0 VOH=5  RIN=10000000 TH=0.0 HYSTWD=0.001
+  OUT_DELAY=2e-12
.ends SIMPLIS_DIGI1_COMP_Y$3

********  SUBCIRCUIT SIMPLIS_VC_SWITCH$2 @ input file C:/Users/xiang/OneDrive - Virginia Tech/xiangzhang_VT_archive/ECE 5254 Modeling/HW-3-model/SIMPLIS_Data/HW3_Buck_Loadstep.deck
.subckt SIMPLIS_VC_SWITCH$2  1 2 3 4
.NODE_MAP P 1
.NODE_MAP N 2
.NODE_MAP CP 3
.NODE_MAP CN 4
S1 1 2 3 4 SW IC=OPEN

********  MODEL SW @ input file C:/Users/xiang/OneDrive - Virginia Tech/xiangzhang_VT_archive/ECE 5254 Modeling/HW-3-model/SIMPLIS_Data/HW3_Buck_Loadstep.deck
.MODEL SW VCSW ROFF=1000000 RON=1e-06 TH=2 HYSTWD=0.001 LOGIC=POS
.ends SIMPLIS_VC_SWITCH$2

********  SUBCIRCUIT SIMPLIS_VC_SWITCH$1 @ input file C:/Users/xiang/OneDrive - Virginia Tech/xiangzhang_VT_archive/ECE 5254 Modeling/HW-3-model/SIMPLIS_Data/HW3_Buck_Loadstep.deck
.subckt SIMPLIS_VC_SWITCH$1  1 2 3 4
.NODE_MAP P 1
.NODE_MAP N 2
.NODE_MAP CP 3
.NODE_MAP CN 4
S1 1 2 3 4 SW IC=OPEN

********  MODEL SW @ input file C:/Users/xiang/OneDrive - Virginia Tech/xiangzhang_VT_archive/ECE 5254 Modeling/HW-3-model/SIMPLIS_Data/HW3_Buck_Loadstep.deck
.MODEL SW VCSW ROFF=1000000 RON=1e-06 TH=2 HYSTWD=0.001 LOGIC=POS
.ends SIMPLIS_VC_SWITCH$1
.end
********  END OF input file C:/Users/xiang/OneDrive - Virginia Tech/xiangzhang_VT_archive/ECE 5254 Modeling/HW-3-model/SIMPLIS_Data/HW3_Buck_Loadstep.deck


