************************************************************************
              Input file after include files are included
                and undefined subcircuits and models are
                    resolved through library search
************************************************************************


****************** MAIN CIRCUIT @ INPUT/INCLUDE FILE *******************
* C:\Users\xiang\OneDrive - Virginia Tech\xiangzhang_VT_archive\ECE 5254 Modeling\HW-3-model\HW3_Buck_Loadstep.sxsch.sxsch
.node_map io1 82
.node_map io2 86
.node_map Vc1 85
.node_map Vc2 89
.node_map Vp1 84
.node_map Vp2 88
.node_map Vout1 83
.node_map Vout2 87
.ac DEC 100 100 1Meg
.print  ALL
.options PSP_START=3m PSP_NPT=2001 POP_ITRMAX=200 POP_OUTPUT_CYCLES=5 POP_SHOWDATA
+ SNAPSHOT_INTVL=0 MIN_AVG_TOPOLOGY_DUR=1a AVG_TOPOLOGY_DUR_MEASUREMENT_WINDOW=128
.pop  TRIG_GATE=X8.!D_CYCLE  TRIG_COND=0_TO_1  MAX_PERIOD=10u  CONVERGENCE=10f  CYCLES_BEFORE_LAUNCH=100
+  TD_RUN_AFTER_POP_FAILS=-1
C16 72 89 4.27p IC=0
C17 71 89 833.33p IC=0
C18 75 72 69.44p IC=0
C20 83 46 1m IC=1.8
C5 87 66 1m IC=1.8
C7 52 85 3.66p IC=0
C8 54 52 54.35p IC=0
C9 51 85 3.33333n IC=0
H1 86 0 VH1$TP_CCVS 1 
VH1$TP_CCVS 67 0 0
H2 82 0 VH2$TP_CCVS 1 
VH2$TP_CCVS 47 0 0
I2 83 47 AC 10m 0
I3 87 67 AC 10m 0
I4 87 0 SQU V1=5 V2=25 FREQ=200 DELAY=0.004 OFF_UNTIL_DELAY=YES IDLE_IN_POP=YES
I5 83 0 SQU V1=5 V2=25 FREQ=200 DELAY=0.004 OFF_UNTIL_DELAY=YES IDLE_IN_POP=YES
V$IPROBE2 43 83 0.0
.PRINT I(V$IPROBE2)
.GRAPH IPROBE2#P axisType="auto" persistence=-1 curveLabel="IL(fc=80kHz,fz1=446Hz)"
+ analysis="tran|pop" xLog="auto" yLog="lin"  nowarn=true disabled=false 
V$IPROBE3 63 87 0.0
.PRINT I(V$IPROBE3)
.GRAPH IPROBE3#P axisType="grid" persistence=-1 curveLabel="IL(fc=80kHz,fz1=2.23kHz)"
+ analysis="tran|pop" xLog="auto" yLog="lin"  nowarn=true disabled=false 
L1 61 62 150n
L2 41 42 150n
.PRINT V(#Vout1)
.PRINT V(#io1)
.GRAPH "db(:#Vout1/:#io1)" Curvelabel="GZo(fc=80kHz,fz1=446Hz)" nowarn=true yunit="dB"
+ complete=True analysis="ac" axisname=bodemag ylog=lin  persistence=0
.GRAPH "ph(-:#Vout1/:#io1)" Curvelabel="PZo(fc=80kHz,fz1=446Hz)" nowarn=true yunit="degrees"
+ complete=True analysis="ac"  axisname=bodephase ylog=lin  persistence=0
.PRINT V(#Vout2)
.PRINT V(#io2)
.GRAPH "db(:#Vout2/:#io2)" Curvelabel="GZo(fc=80kHz,fz1=2.23kHz)" nowarn=true yunit="dB"
+ complete=True analysis="ac" axisname=bodemag ylog=lin  persistence=0
.GRAPH "ph(-:#Vout2/:#io2)" Curvelabel="PZo(fc=80kHz,fz1=2.23kHz)" nowarn=true yunit="degrees"
+ complete=True analysis="ac"  axisname=bodephase ylog=lin  persistence=0
.PRINT V(#Vout2)
.GRAPH :#Vout2 axisType="auto" persistence=4 curveLabel="Vout(fc=80kHz,fz1=2.23kHz)"
+ analysis="tran|pop" xLog="auto" yLog="auto"  nowarn=true disabled=false PROBEREF=Probe7
+  
.PRINT V(#Vout1)
.GRAPH :#Vout1 axisType="auto" persistence=4 curveLabel="Vout(fc=80kHz,fz1=446Hz)"
+ analysis="tran|pop" xLog="auto" yLog="auto"  nowarn=true disabled=false PROBEREF=Probe9
+  
R16 87 72 100k
R17 87 75 14.12k
R18 72 71 85.71k
R7 83 54 18.04k
R8 83 52 100k
R9 52 51 107.14k
Rc1 66 0 1m
Rc2 46 0 1m
Rl1 63 62 2m
Rl2 43 42 2m
Ro1 87 0 200m
Ro2 83 0 200m
X$S3 61 0 65 0 SIMPLIS_VC_SWITCH$1
X$S4 60 61 64 0 SIMPLIS_VC_SWITCH$2
X$S5 41 0 45 0 SIMPLIS_VC_SWITCH$3
X$S6 40 41 44 0 SIMPLIS_VC_SWITCH$4
X$U2 64 65 0 88 77 SIMPLIS_DIGI1_COMP_Y$5
X$U3 44 45 0 84 56 SIMPLIS_DIGI1_COMP_Y$6
V10 59 0 5
V12 77 0 SAW V1=0 V2=1 FREQ=1000000 DELAY=0 OFF_UNTIL_DELAY=NO
V15 80 0 5
V16 79 0 2
V18 88 89 AC 0 0
V20 84 85 AC 0 0
V21 56 0 SAW V1=0 V2=1 FREQ=1000000 DELAY=0 OFF_UNTIL_DELAY=NO
V23 40 0 12
V7 60 0 12
V9 58 0 2
X4 58 52 59 0 85 PARAM_OPAMP$7
X7 79 72 80 0 89 PARAM_OPAMP$8
X8 64 81 PERIODIC_OP$9

********  SUBCIRCUIT PERIODIC_OP$9 @ input file C:/Users/xiang/OneDrive - Virginia Tech/xiangzhang_VT_archive/ECE 5254 Modeling/HW-3-model/SIMPLIS_Data/HW3_Buck_Loadstep.sxsch.deck
.subckt PERIODIC_OP$9  1 3
.NODE_MAP IN 1
.NODE_MAP OUT 3
!D_CYCLE 3 0 1 302 M1M IC=0
VREF 302 0 DC 2.5

********  MODEL M1M @ input file C:/Users/xiang/OneDrive - Virginia Tech/xiangzhang_VT_archive/ECE 5254 Modeling/HW-3-model/SIMPLIS_Data/HW3_Buck_Loadstep.sxsch.deck
.MODEL M1M COMP RIN=10MEG ROUT=50 VOL=0 VOH=5  HYSTWD=0.002 DELAY=0
.ends PERIODIC_OP$9

********  SUBCIRCUIT PARAM_OPAMP$8 @ input file C:/Users/xiang/OneDrive - Virginia Tech/xiangzhang_VT_archive/ECE 5254 Modeling/HW-3-model/SIMPLIS_Data/HW3_Buck_Loadstep.sxsch.deck
.subckt PARAM_OPAMP$8  1 36 20 12 15
.NODE_MAP inp 1
.NODE_MAP inn 36
.NODE_MAP vsp 20
.NODE_MAP vsn 12
.NODE_MAP out 15
VOSBAL  7  29  DC   0
EU1     7  1 20 12  1e-08
IB5     1 12 DC     5.1e-11
IB6     36 12 DC    -4.9e-11
RDM    36 29        100000000
RCM    12 13 5.000000e+11
G5     12 13 36 31 1e-12
G6     12 13  1 31 1e-12
RP1    31 20        15000
RP2    31 12        15000
GCM    16 12 13 12  1e-08
R1     12 16        62831.8530717959
GDM    12 16 29 36 1
R2     31   6           19999.9960000008
G3      6  31  16 12    1.59154974922884e-08
G4     11  31   6 31    1000000
ROUT   31  11           5
RO1    11 15            5

********  MODEL M3M @ input file C:/Users/xiang/OneDrive - Virginia Tech/xiangzhang_VT_archive/ECE 5254 Modeling/HW-3-model/SIMPLIS_Data/HW3_Buck_Loadstep.sxsch.deck
.MODEL M3M VPWLR NSEG= 2     X0= 0.0         Y0= 0.0     X1= 1.0         Y1= 0.01U
+     X2= 2.0         Y2= 10
R03    15 20 200.0MEG
R02    15 12 200.0MEG
FF1     12  28  RO1  1.0
!R_FF2  28  12  M3M  IC=2
!R_FF3  12  28  M3M  IC=2
FF2     20  31  !R_FF2  1.0
FF3     31  12  !R_FF3  1.0
!R_SLEW_RATE  16  12  M1M  IC=2

********  MODEL M1M @ input file C:/Users/xiang/OneDrive - Virginia Tech/xiangzhang_VT_archive/ECE 5254 Modeling/HW-3-model/SIMPLIS_Data/HW3_Buck_Loadstep.sxsch.deck
.MODEL M1M VPWLR NSEG= 3     X0= -10001 Y0= -1MEG     X1= -10000 Y1=  0.     X2= 100
+ Y2=  0.0     X3= 101 Y3=  1MEG
H_IOUT_LIMIT 301 12 RO1 1K
!R_IOUT_LIMIT 301 12 M2M IC=2

********  MODEL M2M @ input file C:/Users/xiang/OneDrive - Virginia Tech/xiangzhang_VT_archive/ECE 5254 Modeling/HW-3-model/SIMPLIS_Data/HW3_Buck_Loadstep.sxsch.deck
.MODEL M2M VPWLR NSEG= 3     X0= -6 Y0= -1.0     X1= -5 Y1=  0.0     X2= 100 Y2= 
+ 0.0     X3= 101 Y3=  1.0
F_IOUT_LIMIT  11 31 !R_IOUT_LIMIT 10K
VP1    20  30  DC 1.01
!R_VP_LIMIT 15 30 M3M IC=1
VM1    32  12  DC 1.01
!R_VM_LIMIT 32 15 M3M IC=1
C2  11   6 1.59154943091895e-12 
.ends PARAM_OPAMP$8

********  SUBCIRCUIT PARAM_OPAMP$7 @ input file C:/Users/xiang/OneDrive - Virginia Tech/xiangzhang_VT_archive/ECE 5254 Modeling/HW-3-model/SIMPLIS_Data/HW3_Buck_Loadstep.sxsch.deck
.subckt PARAM_OPAMP$7  1 36 20 12 15
.NODE_MAP inp 1
.NODE_MAP inn 36
.NODE_MAP vsp 20
.NODE_MAP vsn 12
.NODE_MAP out 15
VOSBAL  7  29  DC   0
EU1     7  1 20 12  1e-08
IB5     1 12 DC     5.1e-11
IB6     36 12 DC    -4.9e-11
RDM    36 29        100000000
RCM    12 13 5.000000e+11
G5     12 13 36 31 1e-12
G6     12 13  1 31 1e-12
RP1    31 20        15000
RP2    31 12        15000
GCM    16 12 13 12  1e-08
R1     12 16        62831.8530717959
GDM    12 16 29 36 1
R2     31   6           19999.9960000008
G3      6  31  16 12    1.59154974922884e-08
G4     11  31   6 31    1000000
ROUT   31  11           5
RO1    11 15            5

********  MODEL M3M @ input file C:/Users/xiang/OneDrive - Virginia Tech/xiangzhang_VT_archive/ECE 5254 Modeling/HW-3-model/SIMPLIS_Data/HW3_Buck_Loadstep.sxsch.deck
.MODEL M3M VPWLR NSEG= 2     X0= 0.0         Y0= 0.0     X1= 1.0         Y1= 0.01U
+     X2= 2.0         Y2= 10
R03    15 20 200.0MEG
R02    15 12 200.0MEG
FF1     12  28  RO1  1.0
!R_FF2  28  12  M3M  IC=2
!R_FF3  12  28  M3M  IC=2
FF2     20  31  !R_FF2  1.0
FF3     31  12  !R_FF3  1.0
!R_SLEW_RATE  16  12  M1M  IC=2

********  MODEL M1M @ input file C:/Users/xiang/OneDrive - Virginia Tech/xiangzhang_VT_archive/ECE 5254 Modeling/HW-3-model/SIMPLIS_Data/HW3_Buck_Loadstep.sxsch.deck
.MODEL M1M VPWLR NSEG= 3     X0= -10001 Y0= -1MEG     X1= -10000 Y1=  0.     X2= 100
+ Y2=  0.0     X3= 101 Y3=  1MEG
H_IOUT_LIMIT 301 12 RO1 1K
!R_IOUT_LIMIT 301 12 M2M IC=2

********  MODEL M2M @ input file C:/Users/xiang/OneDrive - Virginia Tech/xiangzhang_VT_archive/ECE 5254 Modeling/HW-3-model/SIMPLIS_Data/HW3_Buck_Loadstep.sxsch.deck
.MODEL M2M VPWLR NSEG= 3     X0= -6 Y0= -1.0     X1= -5 Y1=  0.0     X2= 100 Y2= 
+ 0.0     X3= 101 Y3=  1.0
F_IOUT_LIMIT  11 31 !R_IOUT_LIMIT 10K
VP1    20  30  DC 1.01
!R_VP_LIMIT 15 30 M3M IC=1
VM1    32  12  DC 1.01
!R_VM_LIMIT 32 15 M3M IC=1
C2  11   6 1.59154943091895e-12 
.ends PARAM_OPAMP$7

********  SUBCIRCUIT SIMPLIS_DIGI1_COMP_Y$6 @ input file C:/Users/xiang/OneDrive - Virginia Tech/xiangzhang_VT_archive/ECE 5254 Modeling/HW-3-model/SIMPLIS_Data/HW3_Buck_Loadstep.sxsch.deck
.subckt SIMPLIS_DIGI1_COMP_Y$6  201 202 100 101 102
.NODE_MAP OUT 201
.NODE_MAP OUT_BAR 202
.NODE_MAP RTN 100
.NODE_MAP INP 101
.NODE_MAP INN 102
R_INP  101 100 10000000
R_INN  102 100 10000000
E_DIFF 103 100 101 102 1.0
A_COMP %gnd_ref 100 [ 201 202 ] [ 103 ] MODEL=MD_A_COMPM IC=0

********  MODEL MD_A_COMPM @ input file C:/Users/xiang/OneDrive - Virginia Tech/xiangzhang_VT_archive/ECE 5254 Modeling/HW-3-model/SIMPLIS_Data/HW3_Buck_Loadstep.sxsch.deck
.MODEL MD_A_COMPM DIGITAL1 D_BUFFER ROUT=10 VOL=0 VOH=5  RIN=10000000 TH=0.0 HYSTWD=0.001
+  OUT_DELAY=2e-12
.ends SIMPLIS_DIGI1_COMP_Y$6

********  SUBCIRCUIT SIMPLIS_DIGI1_COMP_Y$5 @ input file C:/Users/xiang/OneDrive - Virginia Tech/xiangzhang_VT_archive/ECE 5254 Modeling/HW-3-model/SIMPLIS_Data/HW3_Buck_Loadstep.sxsch.deck
.subckt SIMPLIS_DIGI1_COMP_Y$5  201 202 100 101 102
.NODE_MAP OUT 201
.NODE_MAP OUT_BAR 202
.NODE_MAP RTN 100
.NODE_MAP INP 101
.NODE_MAP INN 102
R_INP  101 100 10000000
R_INN  102 100 10000000
E_DIFF 103 100 101 102 1.0
A_COMP %gnd_ref 100 [ 201 202 ] [ 103 ] MODEL=MD_A_COMPM IC=0

********  MODEL MD_A_COMPM @ input file C:/Users/xiang/OneDrive - Virginia Tech/xiangzhang_VT_archive/ECE 5254 Modeling/HW-3-model/SIMPLIS_Data/HW3_Buck_Loadstep.sxsch.deck
.MODEL MD_A_COMPM DIGITAL1 D_BUFFER ROUT=10 VOL=0 VOH=5  RIN=10000000 TH=0.0 HYSTWD=0.001
+  OUT_DELAY=2e-12
.ends SIMPLIS_DIGI1_COMP_Y$5

********  SUBCIRCUIT SIMPLIS_VC_SWITCH$4 @ input file C:/Users/xiang/OneDrive - Virginia Tech/xiangzhang_VT_archive/ECE 5254 Modeling/HW-3-model/SIMPLIS_Data/HW3_Buck_Loadstep.sxsch.deck
.subckt SIMPLIS_VC_SWITCH$4  1 2 3 4
.NODE_MAP P 1
.NODE_MAP N 2
.NODE_MAP CP 3
.NODE_MAP CN 4
S1 1 2 3 4 SW IC=OPEN

********  MODEL SW @ input file C:/Users/xiang/OneDrive - Virginia Tech/xiangzhang_VT_archive/ECE 5254 Modeling/HW-3-model/SIMPLIS_Data/HW3_Buck_Loadstep.sxsch.deck
.MODEL SW VCSW ROFF=1000000 RON=1e-06 TH=2 HYSTWD=0.001 LOGIC=POS
.ends SIMPLIS_VC_SWITCH$4

********  SUBCIRCUIT SIMPLIS_VC_SWITCH$3 @ input file C:/Users/xiang/OneDrive - Virginia Tech/xiangzhang_VT_archive/ECE 5254 Modeling/HW-3-model/SIMPLIS_Data/HW3_Buck_Loadstep.sxsch.deck
.subckt SIMPLIS_VC_SWITCH$3  1 2 3 4
.NODE_MAP P 1
.NODE_MAP N 2
.NODE_MAP CP 3
.NODE_MAP CN 4
S1 1 2 3 4 SW IC=OPEN

********  MODEL SW @ input file C:/Users/xiang/OneDrive - Virginia Tech/xiangzhang_VT_archive/ECE 5254 Modeling/HW-3-model/SIMPLIS_Data/HW3_Buck_Loadstep.sxsch.deck
.MODEL SW VCSW ROFF=1000000 RON=1e-06 TH=2 HYSTWD=0.001 LOGIC=POS
.ends SIMPLIS_VC_SWITCH$3

********  SUBCIRCUIT SIMPLIS_VC_SWITCH$2 @ input file C:/Users/xiang/OneDrive - Virginia Tech/xiangzhang_VT_archive/ECE 5254 Modeling/HW-3-model/SIMPLIS_Data/HW3_Buck_Loadstep.sxsch.deck
.subckt SIMPLIS_VC_SWITCH$2  1 2 3 4
.NODE_MAP P 1
.NODE_MAP N 2
.NODE_MAP CP 3
.NODE_MAP CN 4
S1 1 2 3 4 SW IC=OPEN

********  MODEL SW @ input file C:/Users/xiang/OneDrive - Virginia Tech/xiangzhang_VT_archive/ECE 5254 Modeling/HW-3-model/SIMPLIS_Data/HW3_Buck_Loadstep.sxsch.deck
.MODEL SW VCSW ROFF=1000000 RON=1e-06 TH=2 HYSTWD=0.001 LOGIC=POS
.ends SIMPLIS_VC_SWITCH$2

********  SUBCIRCUIT SIMPLIS_VC_SWITCH$1 @ input file C:/Users/xiang/OneDrive - Virginia Tech/xiangzhang_VT_archive/ECE 5254 Modeling/HW-3-model/SIMPLIS_Data/HW3_Buck_Loadstep.sxsch.deck
.subckt SIMPLIS_VC_SWITCH$1  1 2 3 4
.NODE_MAP P 1
.NODE_MAP N 2
.NODE_MAP CP 3
.NODE_MAP CN 4
S1 1 2 3 4 SW IC=OPEN

********  MODEL SW @ input file C:/Users/xiang/OneDrive - Virginia Tech/xiangzhang_VT_archive/ECE 5254 Modeling/HW-3-model/SIMPLIS_Data/HW3_Buck_Loadstep.sxsch.deck
.MODEL SW VCSW ROFF=1000000 RON=1e-06 TH=2 HYSTWD=0.001 LOGIC=POS
.ends SIMPLIS_VC_SWITCH$1
.end
********  END OF input file C:/Users/xiang/OneDrive - Virginia Tech/xiangzhang_VT_archive/ECE 5254 Modeling/HW-3-model/SIMPLIS_Data/HW3_Buck_Loadstep.sxsch.deck


